/file/set-tui-version "25.1"
/file/read-transient-table "mass_flow_dv_1e-4" 
/file/read-transient-table "mass_flow_ivc_1e-4" 
/file/read-transient-table "mass_flow_svc_1e-4" 
/file/read-transient-table "pressure_la_1e-4" 
/file/read-transient-table "pressure_rv_1e-4" 
(cx-gui-do cx-set-toggle-button2 "General*Table1*Table2(Solver)*ToggleBox5(Time)*Transient" #t)
(cx-gui-do cx-activate-item "General*Table1*Table2(Solver)*ToggleBox5(Time)*Transient")
(cx-gui-do cx-set-list-tree-selections "NavigationPane*Frame2*Table1*List_Tree2" (list "Setup|Models"))
(cx-gui-do cx-set-list-tree-selections "NavigationPane*Frame2*Table1*List_Tree2" (list "Setup|Models"))
(cx-gui-do cx-activate-item "NavigationPane*Frame2*Table1*List_Tree2")
(cx-gui-do cx-set-list-tree-selections "NavigationPane*Frame2*Table1*List_Tree2" (list "Setup|Models"))
(cx-gui-do cx-set-list-selections "Models*Table1*List1(Models)" '( 2))
(cx-gui-do cx-activate-item "Models*Table1*List1(Models)")
(cx-gui-do cx-activate-item "Models*Table1*PushButton2(Edit)")
(cx-gui-do cx-set-toggle-button2 "Viscous Model*Table1*ToggleBox1(Model)*Laminar" #t)
(cx-gui-do cx-activate-item "Viscous Model*Table1*ToggleBox1(Model)*Laminar")
(cx-gui-do cx-activate-item "Viscous Model*PanelButtons*PushButton1(OK)")
(cx-gui-do cx-set-list-selections "Models*Table1*List1(Models)" '( 6))
(cx-gui-do cx-activate-item "Models*Table1*List1(Models)")
(cx-gui-do cx-activate-item "Models*Table1*PushButton2(Edit)")
(cx-gui-do cx-activate-tab-index "Discrete Phase Model*Frame2" 0)
(cx-gui-do cx-activate-tab-index "Discrete Phase Model*Frame2" 1)
(cx-gui-do cx-activate-tab-index "Discrete Phase Model*Frame2" 0)
(cx-gui-do cx-activate-tab-index "Discrete Phase Model*Frame2" 2)
(cx-gui-do cx-activate-tab-index "Discrete Phase Model*Frame2" 0)
(cx-gui-do cx-activate-tab-index "Discrete Phase Model*Frame2" 3)
(cx-gui-do cx-activate-tab-index "Discrete Phase Model*Frame2" 0)
(cx-gui-do cx-activate-tab-index "Discrete Phase Model*Frame2" 4)
(cx-gui-do cx-activate-tab-index "Discrete Phase Model*Frame2" 0)
(cx-gui-do cx-set-toggle-button2 "Discrete Phase Model*Frame1*Table2*Table1(Particle Treatment)*ToggleBox1*CheckButton1(Unsteady Particle Tracking)" #t)
(cx-gui-do cx-activate-item "Discrete Phase Model*Frame1*Table2*Table1(Particle Treatment)*ToggleBox1*CheckButton1(Unsteady Particle Tracking)")
(cx-gui-do cx-activate-item "Discrete Phase Model*PanelButtons*PushButton1(OK)")
(cx-gui-do cx-activate-item "Information*OK")
(cx-gui-do cx-set-list-tree-selections "NavigationPane*Frame2*Table1*List_Tree2" (list "Setup|Materials"))
(cx-gui-do cx-set-list-tree-selections "NavigationPane*Frame2*Table1*List_Tree2" (list "Setup|Materials"))
(cx-gui-do cx-activate-item "NavigationPane*Frame2*Table1*List_Tree2")
(cx-gui-do cx-set-list-tree-selections "NavigationPane*Frame2*Table1*List_Tree2" (list "Setup|Materials"))
(cx-gui-do cx-set-list-selections "Materials*Table1*List1(Materials)" '( 1))
(cx-gui-do cx-activate-item "Materials*Table1*List1(Materials)")
(cx-gui-do cx-activate-item "Materials*Table1*ButtonBox2*PushButton1(Create/Edit)")
(cx-gui-do cx-set-text-entry "Create/Edit Materials*Table1*Frame1*Table1*TextEntry1(Name)" "blood")
(cx-gui-do cx-set-real-entry-list "Create/Edit Materials*RealEntry10" '( 1050))
(cx-gui-do cx-set-real-entry-list "Create/Edit Materials*RealEntry16" '( 0.00385))
(cx-gui-do cx-activate-item "Create/Edit Materials*PanelButtons*PushButton3(Change/Create)")
(cx-gui-do cx-activate-item "Question*OK")
(cx-gui-do cx-activate-item "Create/Edit Materials*PanelButtons*PushButton1(Close)")
(cx-gui-do cx-set-list-tree-selections "NavigationPane*Frame2*Table1*List_Tree2" (list "Setup|Cell Zone Conditions"))
(cx-gui-do cx-set-list-tree-selections "NavigationPane*Frame2*Table1*List_Tree2" (list "Setup|Cell Zone Conditions"))
(cx-gui-do cx-activate-item "NavigationPane*Frame2*Table1*List_Tree2")
(cx-gui-do cx-set-list-tree-selections "NavigationPane*Frame2*Table1*List_Tree2" (list "Setup|Cell Zone Conditions"))
(cx-gui-do cx-set-list-selections "Boundary Conditions*Table1*List2(Zone)" '( 0))
(cx-gui-do cx-activate-item "Boundary Conditions*Table1*List2(Zone)")
(cx-gui-do cx-set-list-selections "Boundary Conditions*Table1*Table3*DropDownList2(Type)" '( 0))
(cx-gui-do cx-activate-item "Boundary Conditions*Table1*Table3*DropDownList2(Type)")
(cx-gui-do cx-activate-tab-index "Fluid*Frame2*Table3*Frame1" 0)
(cx-gui-do cx-activate-tab-index "Fluid*Frame2*Table3*Frame1" 1)
(cx-gui-do cx-activate-tab-index "Fluid*Frame2*Table3*Frame1" 0)
(cx-gui-do cx-activate-tab-index "Fluid*Frame2*Table3*Frame1" 2)
(cx-gui-do cx-activate-tab-index "Fluid*Frame2*Table3*Frame1" 0)
(cx-gui-do cx-activate-tab-index "Fluid*Frame2*Table3*Frame1" 2)
(cx-gui-do cx-activate-tab-index "Fluid*Frame2*Table3*Frame1" 0)
(cx-gui-do cx-activate-tab-index "Fluid*Frame2*Table3*Frame1" 3)
(cx-gui-do cx-activate-tab-index "Fluid*Frame2*Table3*Frame1" 0)
(cx-gui-do cx-activate-tab-index "Fluid*Frame2*Table3*Frame1" 4)
(cx-gui-do cx-activate-tab-index "Fluid*Frame2*Table3*Frame1" 0)
(cx-gui-do cx-activate-tab-index "Fluid*Frame2*Table3*Frame1" 5)
(cx-gui-do cx-activate-tab-index "Fluid*Frame2*Table3*Frame1" 0)
(cx-gui-do cx-activate-tab-index "Fluid*Frame2*Table3*Frame1" 6)
(cx-gui-do cx-activate-tab-index "Fluid*Frame2*Table3*Frame1" 0)
(cx-gui-do cx-activate-tab-index "Fluid*Frame2*Table3*Frame1" 7)
(cx-gui-do cx-activate-tab-index "Fluid*Frame2*Table3*Frame1" 0)
(cx-gui-do cx-activate-tab-index "Fluid*Frame2*Table3*Frame1" 8)
(cx-gui-do cx-activate-tab-index "Fluid*Frame2*Table3*Frame1" 0)
(cx-gui-do cx-activate-tab-index "Fluid*Frame2*Table3*Frame1" 9)
(cx-gui-do cx-activate-tab-index "Fluid*Frame2*Table3*Frame1" 0)
(cx-gui-do cx-enable-apply-button "Fluid")
(cx-gui-do cx-activate-item "Fluid*PanelButtons*PushButton1(OK)")
(cx-gui-do cx-activate-item "Fluid*PanelButtons*PushButton2(Cancel)")
(cx-gui-do cx-activate-item "Ribbon*Frame1*Frame3(Physics)*Table1*Table3(Model Specific)*PushButton1(Discrete Phase)")
(cx-gui-do cx-activate-item "MenuBar*PopupMenuDiscretePhase*Injections...")
(cx-gui-do cx-activate-item "Injections*ButtonBox7*PushButton1(Create)")
(cx-gui-do cx-activate-tab-index "Set Injection Properties*Frame4*Frame1" 0)
(cx-gui-do cx-activate-tab-index "Set Injection Properties*Frame4*Frame1" 1)
(cx-gui-do cx-activate-tab-index "Set Injection Properties*Frame4*Frame1" 0)
(cx-gui-do cx-activate-tab-index "Set Injection Properties*Frame4*Frame1" 2)
(cx-gui-do cx-activate-tab-index "Set Injection Properties*Frame4*Frame1" 0)
(cx-gui-do cx-activate-tab-index "Set Injection Properties*Frame4*Frame1" 3)
(cx-gui-do cx-activate-tab-index "Set Injection Properties*Frame4*Frame1" 0)
(cx-gui-do cx-activate-tab-index "Set Injection Properties*Frame4*Frame1" 4)
(cx-gui-do cx-activate-tab-index "Set Injection Properties*Frame4*Frame1" 0)
(cx-gui-do cx-activate-tab-index "Set Injection Properties*Frame4*Frame1" 5)
(cx-gui-do cx-activate-tab-index "Set Injection Properties*Frame4*Frame1" 0)
(cx-gui-do cx-activate-tab-index "Set Injection Properties*Frame4*Frame1" 6)
(cx-gui-do cx-activate-tab-index "Set Injection Properties*Frame4*Frame1" 0)
(cx-gui-do cx-activate-tab-index "Set Injection Properties*Frame4*Frame1" 7)
(cx-gui-do cx-activate-tab-index "Set Injection Properties*Frame4*Frame1" 0)
(cx-gui-do cx-set-text-entry "Set Injection Properties*Table1*TextEntry1(Injection Name)" "injection-dv")
(cx-gui-do cx-set-list-selections "Set Injection Properties*Table1*DropDownList2(Injection Type)" '( 2))
(cx-gui-do cx-activate-item "Set Injection Properties*Table1*DropDownList2(Injection Type)")
(cx-gui-do cx-set-list-selections "Set Injection Properties*Table1*Table4*List1(Injection Surfaces)" '( 0))
(cx-gui-do cx-activate-item "Set Injection Properties*Table1*Table4*List1(Injection Surfaces)")
(cx-gui-do cx-set-toggle-button2 "Set Injection Properties*Frame2*Frame1*ToggleBox1(Particle Type)*Massless" #t)
(cx-gui-do cx-activate-item "Set Injection Properties*Frame2*Frame1*ToggleBox1(Particle Type)*Massless")
(cx-gui-do cx-set-toggle-button2 "Set Injection Properties*Frame4*Frame1*Frame1(Point Properties)*Frame2*Table2*Table2(Surface Options)*CheckButton3(Randomize Starting Points)" #t)
(cx-gui-do cx-activate-item "Set Injection Properties*Frame4*Frame1*Frame1(Point Properties)*Frame2*Table2*Table2(Surface Options)*CheckButton3(Randomize Starting Points)")
(cx-gui-do cx-set-integer-entry "Set Injection Properties*Table1*IntegerEntry6(Number of Streams)" 10)
(cx-gui-do cx-activate-item "Set Injection Properties*Table1*IntegerEntry6(Number of Streams)")
(cx-gui-do cx-set-expression-entry "Set Injection Properties*Frame4*Frame1*Frame1(Point Properties)*Frame2*Frame1*Table1*ExpressionEntry156" '("4301" . 0))
(cx-gui-do cx-activate-item "Set Injection Properties*PanelButtons*PushButton1(OK)")
(cx-gui-do cx-activate-item "Injections*ButtonBox7*PushButton1(Create)")
(cx-gui-do cx-set-text-entry "Set Injection Properties*Table1*TextEntry1(Injection Name)" "injection-ivc")
(cx-gui-do cx-set-list-selections "Set Injection Properties*Table1*DropDownList2(Injection Type)" '( 2))
(cx-gui-do cx-activate-item "Set Injection Properties*Table1*DropDownList2(Injection Type)")
(cx-gui-do cx-set-list-selections "Set Injection Properties*Table1*Table4*List1(Injection Surfaces)" '( 2))
(cx-gui-do cx-activate-item "Set Injection Properties*Table1*Table4*List1(Injection Surfaces)")
(cx-gui-do cx-set-toggle-button2 "Set Injection Properties*Frame2*Frame1*ToggleBox1(Particle Type)*Massless" #t)
(cx-gui-do cx-activate-item "Set Injection Properties*Frame2*Frame1*ToggleBox1(Particle Type)*Massless")
(cx-gui-do cx-set-expression-entry "Set Injection Properties*Frame4*Frame1*Frame1(Point Properties)*Frame2*Frame1*Table1*ExpressionEntry156" '("4301" . 0))
(cx-gui-do cx-set-toggle-button2 "Set Injection Properties*Frame4*Frame1*Frame1(Point Properties)*Frame2*Table2*Table2(Surface Options)*CheckButton3(Randomize Starting Points)" #t)
(cx-gui-do cx-activate-item "Set Injection Properties*Frame4*Frame1*Frame1(Point Properties)*Frame2*Table2*Table2(Surface Options)*CheckButton3(Randomize Starting Points)")
(cx-gui-do cx-set-integer-entry "Set Injection Properties*Table1*IntegerEntry6(Number of Streams)" 10)
(cx-gui-do cx-activate-item "Set Injection Properties*Table1*IntegerEntry6(Number of Streams)")
(cx-gui-do cx-activate-item "Set Injection Properties*PanelButtons*PushButton1(OK)")
(cx-gui-do cx-activate-item "Injections*ButtonBox7*PushButton1(Create)")
(cx-gui-do cx-set-text-entry "Set Injection Properties*Table1*TextEntry1(Injection Name)" "injection-svc")
(cx-gui-do cx-set-list-selections "Set Injection Properties*Table1*DropDownList2(Injection Type)" '( 2))
(cx-gui-do cx-activate-item "Set Injection Properties*Table1*DropDownList2(Injection Type)")
(cx-gui-do cx-set-list-selections "Set Injection Properties*Table1*Table4*List1(Injection Surfaces)" '( 3))
(cx-gui-do cx-activate-item "Set Injection Properties*Table1*Table4*List1(Injection Surfaces)")
(cx-gui-do cx-set-toggle-button2 "Set Injection Properties*Frame2*Frame1*ToggleBox1(Particle Type)*Massless" #t)
(cx-gui-do cx-activate-item "Set Injection Properties*Frame2*Frame1*ToggleBox1(Particle Type)*Massless")
(cx-gui-do cx-set-expression-entry "Set Injection Properties*Frame4*Frame1*Frame1(Point Properties)*Frame2*Frame1*Table1*ExpressionEntry156" '("4301" . 0))
(cx-gui-do cx-set-toggle-button2 "Set Injection Properties*Frame4*Frame1*Frame1(Point Properties)*Frame2*Table2*Table2(Surface Options)*CheckButton3(Randomize Starting Points)" #t)
(cx-gui-do cx-activate-item "Set Injection Properties*Frame4*Frame1*Frame1(Point Properties)*Frame2*Table2*Table2(Surface Options)*CheckButton3(Randomize Starting Points)")
(cx-gui-do cx-set-integer-entry "Set Injection Properties*Table1*IntegerEntry6(Number of Streams)" 10)
(cx-gui-do cx-activate-item "Set Injection Properties*Table1*IntegerEntry6(Number of Streams)")
(cx-gui-do cx-activate-item "Set Injection Properties*PanelButtons*PushButton1(OK)")
(cx-gui-do cx-activate-item "Injections*PanelButtons*PushButton2(Cancel)")
(cx-gui-do cx-set-list-tree-selections "NavigationPane*Frame2*Table1*List_Tree2" (list "Setup|Boundary Conditions"))
(cx-gui-do cx-set-list-tree-selections "NavigationPane*Frame2*Table1*List_Tree2" (list "Setup|Boundary Conditions"))
(cx-gui-do cx-activate-item "NavigationPane*Frame2*Table1*List_Tree2")
(cx-gui-do cx-set-list-tree-selections "NavigationPane*Frame2*Table1*List_Tree2" (list "Setup|Boundary Conditions"))
(cx-gui-do cx-set-list-selections "Boundary Conditions*Table1*List2(Zone)" '( 1))
(cx-gui-do cx-activate-item "Boundary Conditions*Table1*List2(Zone)")
(cx-gui-do cx-set-list-selections "Boundary Conditions*Table1*Table3*DropDownList2(Type)" '( 5))
(cx-gui-do cx-activate-item "Boundary Conditions*Table1*Table3*DropDownList2(Type)")
(cx-gui-do cx-activate-tab-index "Mass-Flow Inlet*Frame2*Frame2" 0)
(cx-gui-do cx-activate-tab-index "Mass-Flow Inlet*Frame2*Frame2" 1)
(cx-gui-do cx-activate-tab-index "Mass-Flow Inlet*Frame2*Frame2" 0)
(cx-gui-do cx-activate-tab-index "Mass-Flow Inlet*Frame2*Frame2" 2)
(cx-gui-do cx-activate-tab-index "Mass-Flow Inlet*Frame2*Frame2" 0)
(cx-gui-do cx-activate-tab-index "Mass-Flow Inlet*Frame2*Frame2" 3)
(cx-gui-do cx-activate-tab-index "Mass-Flow Inlet*Frame2*Frame2" 0)
(cx-gui-do cx-activate-tab-index "Mass-Flow Inlet*Frame2*Frame2" 4)
(cx-gui-do cx-activate-tab-index "Mass-Flow Inlet*Frame2*Frame2" 0)
(cx-gui-do cx-activate-tab-index "Mass-Flow Inlet*Frame2*Frame2" 5)
(cx-gui-do cx-activate-tab-index "Mass-Flow Inlet*Frame2*Frame2" 0)
(cx-gui-do cx-activate-tab-index "Mass-Flow Inlet*Frame2*Frame2" 6)
(cx-gui-do cx-activate-tab-index "Mass-Flow Inlet*Frame2*Frame2" 0)
(cx-gui-do cx-activate-tab-index "Mass-Flow Inlet*Frame2*Frame2" 7)
(cx-gui-do cx-activate-tab-index "Mass-Flow Inlet*Frame2*Frame2" 0)
(cx-gui-do cx-activate-tab-index "Mass-Flow Inlet*Frame2*Frame2" 8)
(cx-gui-do cx-activate-tab-index "Mass-Flow Inlet*Frame2*Frame2" 0)
(cx-gui-do cx-enable-apply-button "Mass-Flow Inlet")
(cx-gui-do cx-set-expression-entry "Mass-Flow Inlet*Frame2*Frame2*Frame1(Momentum)*Table1*Table8*ExpressionEntry1(Mass Flow Rate)" '("function_mass_flow_dv mass_flow" . 3))
(cx-gui-do cx-activate-item "Mass-Flow Inlet*PanelButtons*PushButton1(OK)")
(cx-gui-do cx-activate-item "Mass-Flow Inlet*PanelButtons*PushButton1(OK)")
(cx-gui-do cx-activate-item "Mass-Flow Inlet*PanelButtons*PushButton2(Cancel)")
(cx-gui-do cx-set-list-selections "Boundary Conditions*Table1*List2(Zone)" '( 2))
(cx-gui-do cx-activate-item "Boundary Conditions*Table1*List2(Zone)")
(cx-gui-do cx-set-list-selections "Boundary Conditions*Table1*Table3*DropDownList2(Type)" '( 12))
(cx-gui-do cx-activate-item "Boundary Conditions*Table1*Table3*DropDownList2(Type)")
(cx-gui-do cx-activate-tab-index "Pressure Outlet*Frame2*Frame2" 0)
(cx-gui-do cx-activate-tab-index "Pressure Outlet*Frame2*Frame2" 1)
(cx-gui-do cx-activate-tab-index "Pressure Outlet*Frame2*Frame2" 0)
(cx-gui-do cx-activate-tab-index "Pressure Outlet*Frame2*Frame2" 2)
(cx-gui-do cx-activate-tab-index "Pressure Outlet*Frame2*Frame2" 0)
(cx-gui-do cx-activate-tab-index "Pressure Outlet*Frame2*Frame2" 3)
(cx-gui-do cx-activate-tab-index "Pressure Outlet*Frame2*Frame2" 0)
(cx-gui-do cx-activate-tab-index "Pressure Outlet*Frame2*Frame2" 4)
(cx-gui-do cx-activate-tab-index "Pressure Outlet*Frame2*Frame2" 0)
(cx-gui-do cx-activate-tab-index "Pressure Outlet*Frame2*Frame2" 5)
(cx-gui-do cx-activate-tab-index "Pressure Outlet*Frame2*Frame2" 0)
(cx-gui-do cx-activate-tab-index "Pressure Outlet*Frame2*Frame2" 6)
(cx-gui-do cx-activate-tab-index "Pressure Outlet*Frame2*Frame2" 0)
(cx-gui-do cx-activate-tab-index "Pressure Outlet*Frame2*Frame2" 7)
(cx-gui-do cx-activate-tab-index "Pressure Outlet*Frame2*Frame2" 0)
(cx-gui-do cx-activate-tab-index "Pressure Outlet*Frame2*Frame2" 8)
(cx-gui-do cx-activate-tab-index "Pressure Outlet*Frame2*Frame2" 0)
(cx-gui-do cx-enable-apply-button "Pressure Outlet")
(cx-gui-do cx-set-toggle-button2 "Pressure Outlet*Frame2*Frame2*Frame1(Momentum)*Table1*CheckButton16(Prevent Reverse Flow)" #t)
(cx-gui-do cx-activate-item "Pressure Outlet*Frame2*Frame2*Frame1(Momentum)*Table1*CheckButton16(Prevent Reverse Flow)")
(cx-gui-do cx-set-expression-entry "Pressure Outlet*Frame2*Frame2*Frame1(Momentum)*Table1*Table7*ExpressionEntry1(Gauge Pressure)" '("function_pressure_la pressure" . 3))
(cx-gui-do cx-activate-tab-index "Pressure Outlet*Frame2*Frame2" 4)
(cx-gui-do cx-set-list-selections "Pressure Outlet*Frame2*Frame2*Frame5(DPM)*Table1*DropDownList1(Discrete Phase BC Type)" '( 2))
(cx-gui-do cx-activate-item "Pressure Outlet*Frame2*Frame2*Frame5(DPM)*Table1*DropDownList1(Discrete Phase BC Type)")
(cx-gui-do cx-activate-item "Pressure Outlet*PanelButtons*PushButton1(OK)")
(cx-gui-do cx-activate-item "Pressure Outlet*PanelButtons*PushButton2(Cancel)")
(cx-gui-do cx-set-list-selections "Boundary Conditions*Table1*List2(Zone)" '( 3))
(cx-gui-do cx-activate-item "Boundary Conditions*Table1*List2(Zone)")
(cx-gui-do cx-set-list-selections "Boundary Conditions*Table1*Table3*DropDownList2(Type)" '( 5))
(cx-gui-do cx-activate-item "Boundary Conditions*Table1*Table3*DropDownList2(Type)")
(cx-gui-do cx-activate-tab-index "Mass-Flow Inlet*Frame2*Frame2" 0)
(cx-gui-do cx-activate-tab-index "Mass-Flow Inlet*Frame2*Frame2" 1)
(cx-gui-do cx-activate-tab-index "Mass-Flow Inlet*Frame2*Frame2" 0)
(cx-gui-do cx-activate-tab-index "Mass-Flow Inlet*Frame2*Frame2" 2)
(cx-gui-do cx-activate-tab-index "Mass-Flow Inlet*Frame2*Frame2" 0)
(cx-gui-do cx-activate-tab-index "Mass-Flow Inlet*Frame2*Frame2" 3)
(cx-gui-do cx-activate-tab-index "Mass-Flow Inlet*Frame2*Frame2" 0)
(cx-gui-do cx-activate-tab-index "Mass-Flow Inlet*Frame2*Frame2" 4)
(cx-gui-do cx-activate-tab-index "Mass-Flow Inlet*Frame2*Frame2" 0)
(cx-gui-do cx-activate-tab-index "Mass-Flow Inlet*Frame2*Frame2" 5)
(cx-gui-do cx-activate-tab-index "Mass-Flow Inlet*Frame2*Frame2" 0)
(cx-gui-do cx-activate-tab-index "Mass-Flow Inlet*Frame2*Frame2" 6)
(cx-gui-do cx-activate-tab-index "Mass-Flow Inlet*Frame2*Frame2" 0)
(cx-gui-do cx-activate-tab-index "Mass-Flow Inlet*Frame2*Frame2" 7)
(cx-gui-do cx-activate-tab-index "Mass-Flow Inlet*Frame2*Frame2" 0)
(cx-gui-do cx-activate-tab-index "Mass-Flow Inlet*Frame2*Frame2" 8)
(cx-gui-do cx-activate-tab-index "Mass-Flow Inlet*Frame2*Frame2" 0)
(cx-gui-do cx-enable-apply-button "Mass-Flow Inlet")
(cx-gui-do cx-set-expression-entry "Mass-Flow Inlet*Frame2*Frame2*Frame1(Momentum)*Table1*Table8*ExpressionEntry1(Mass Flow Rate)" '("function_mass_flow_ivc mass_flow" . 3))
(cx-gui-do cx-activate-tab-index "Mass-Flow Inlet*Frame2*Frame2" 4)
(cx-gui-do cx-activate-tab-index "Mass-Flow Inlet*Frame2*Frame2" 0)
(cx-gui-do cx-activate-item "Mass-Flow Inlet*PanelButtons*PushButton1(OK)")
(cx-gui-do cx-activate-item "Mass-Flow Inlet*PanelButtons*PushButton2(Cancel)")
(cx-gui-do cx-set-list-selections "Boundary Conditions*Table1*List2(Zone)" '( 4))
(cx-gui-do cx-activate-item "Boundary Conditions*Table1*List2(Zone)")
(cx-gui-do cx-set-list-selections "Boundary Conditions*Table1*Table3*DropDownList2(Type)" '( 5))
(cx-gui-do cx-activate-item "Boundary Conditions*Table1*Table3*DropDownList2(Type)")
(cx-gui-do cx-activate-tab-index "Mass-Flow Inlet*Frame2*Frame2" 0)
(cx-gui-do cx-activate-tab-index "Mass-Flow Inlet*Frame2*Frame2" 1)
(cx-gui-do cx-activate-tab-index "Mass-Flow Inlet*Frame2*Frame2" 0)
(cx-gui-do cx-activate-tab-index "Mass-Flow Inlet*Frame2*Frame2" 2)
(cx-gui-do cx-activate-tab-index "Mass-Flow Inlet*Frame2*Frame2" 0)
(cx-gui-do cx-activate-tab-index "Mass-Flow Inlet*Frame2*Frame2" 3)
(cx-gui-do cx-activate-tab-index "Mass-Flow Inlet*Frame2*Frame2" 0)
(cx-gui-do cx-activate-tab-index "Mass-Flow Inlet*Frame2*Frame2" 4)
(cx-gui-do cx-activate-tab-index "Mass-Flow Inlet*Frame2*Frame2" 0)
(cx-gui-do cx-activate-tab-index "Mass-Flow Inlet*Frame2*Frame2" 5)
(cx-gui-do cx-activate-tab-index "Mass-Flow Inlet*Frame2*Frame2" 0)
(cx-gui-do cx-activate-tab-index "Mass-Flow Inlet*Frame2*Frame2" 6)
(cx-gui-do cx-activate-tab-index "Mass-Flow Inlet*Frame2*Frame2" 0)
(cx-gui-do cx-activate-tab-index "Mass-Flow Inlet*Frame2*Frame2" 7)
(cx-gui-do cx-activate-tab-index "Mass-Flow Inlet*Frame2*Frame2" 0)
(cx-gui-do cx-activate-tab-index "Mass-Flow Inlet*Frame2*Frame2" 8)
(cx-gui-do cx-activate-tab-index "Mass-Flow Inlet*Frame2*Frame2" 0)
(cx-gui-do cx-enable-apply-button "Mass-Flow Inlet")
(cx-gui-do cx-set-expression-entry "Mass-Flow Inlet*Frame2*Frame2*Frame1(Momentum)*Table1*Table8*ExpressionEntry1(Mass Flow Rate)" '("function_mass_flow_svc mass_flow" . 3))
(cx-gui-do cx-activate-item "Mass-Flow Inlet*PanelButtons*PushButton1(OK)")
(cx-gui-do cx-activate-item "Mass-Flow Inlet*PanelButtons*PushButton2(Cancel)")
(cx-gui-do cx-set-list-selections "Boundary Conditions*Table1*List2(Zone)" '( 5))
(cx-gui-do cx-activate-item "Boundary Conditions*Table1*List2(Zone)")
(cx-gui-do cx-set-list-selections "Boundary Conditions*Table1*Table3*DropDownList2(Type)" '( 12))
(cx-gui-do cx-activate-item "Boundary Conditions*Table1*Table3*DropDownList2(Type)")
(cx-gui-do cx-activate-tab-index "Pressure Outlet*Frame2*Frame2" 0)
(cx-gui-do cx-activate-tab-index "Pressure Outlet*Frame2*Frame2" 1)
(cx-gui-do cx-activate-tab-index "Pressure Outlet*Frame2*Frame2" 0)
(cx-gui-do cx-activate-tab-index "Pressure Outlet*Frame2*Frame2" 2)
(cx-gui-do cx-activate-tab-index "Pressure Outlet*Frame2*Frame2" 0)
(cx-gui-do cx-activate-tab-index "Pressure Outlet*Frame2*Frame2" 3)
(cx-gui-do cx-activate-tab-index "Pressure Outlet*Frame2*Frame2" 0)
(cx-gui-do cx-activate-tab-index "Pressure Outlet*Frame2*Frame2" 4)
(cx-gui-do cx-activate-tab-index "Pressure Outlet*Frame2*Frame2" 0)
(cx-gui-do cx-activate-tab-index "Pressure Outlet*Frame2*Frame2" 5)
(cx-gui-do cx-activate-tab-index "Pressure Outlet*Frame2*Frame2" 0)
(cx-gui-do cx-activate-tab-index "Pressure Outlet*Frame2*Frame2" 6)
(cx-gui-do cx-activate-tab-index "Pressure Outlet*Frame2*Frame2" 0)
(cx-gui-do cx-activate-tab-index "Pressure Outlet*Frame2*Frame2" 7)
(cx-gui-do cx-activate-tab-index "Pressure Outlet*Frame2*Frame2" 0)
(cx-gui-do cx-activate-tab-index "Pressure Outlet*Frame2*Frame2" 8)
(cx-gui-do cx-activate-tab-index "Pressure Outlet*Frame2*Frame2" 0)
(cx-gui-do cx-enable-apply-button "Pressure Outlet")
(cx-gui-do cx-set-toggle-button2 "Pressure Outlet*Frame2*Frame2*Frame1(Momentum)*Table1*CheckButton16(Prevent Reverse Flow)" #t)
(cx-gui-do cx-activate-item "Pressure Outlet*Frame2*Frame2*Frame1(Momentum)*Table1*CheckButton16(Prevent Reverse Flow)")
(cx-gui-do cx-set-expression-entry "Pressure Outlet*Frame2*Frame2*Frame1(Momentum)*Table1*Table7*ExpressionEntry1(Gauge Pressure)" '("function_pressure_rv pressure" . 3))
(cx-gui-do cx-activate-tab-index "Pressure Outlet*Frame2*Frame2" 4)
(cx-gui-do cx-set-list-selections "Pressure Outlet*Frame2*Frame2*Frame5(DPM)*Table1*DropDownList1(Discrete Phase BC Type)" '( 2))
(cx-gui-do cx-activate-item "Pressure Outlet*Frame2*Frame2*Frame5(DPM)*Table1*DropDownList1(Discrete Phase BC Type)")
(cx-gui-do cx-activate-item "Pressure Outlet*PanelButtons*PushButton1(OK)")
(cx-gui-do cx-activate-item "Pressure Outlet*PanelButtons*PushButton1(OK)")
(cx-gui-do cx-activate-item "Pressure Outlet*PanelButtons*PushButton2(Cancel)")
(cx-gui-do cx-set-list-tree-selections "NavigationPane*Frame2*Table1*List_Tree2" (list "Setup|Reference Values"))
(cx-gui-do cx-set-list-tree-selections "NavigationPane*Frame2*Table1*List_Tree2" (list "Setup|Reference Values"))
(cx-gui-do cx-activate-item "NavigationPane*Frame2*Table1*List_Tree2")
(cx-gui-do cx-set-list-tree-selections "NavigationPane*Frame2*Table1*List_Tree2" (list "Setup|Reference Values"))
(cx-gui-do cx-set-list-selections "Reference Values*DropDownList1(Compute from)" '( 2))
(cx-gui-do cx-activate-item "Reference Values*DropDownList1(Compute from)")
(cx-gui-do cx-set-real-entry-list "Reference Values*Table2(Reference Values)*RealEntry1(Area)" '( 1.8857e-05))
(cx-gui-do cx-activate-item "Reference Values*Table2(Reference Values)*RealEntry1(Area)")
(cx-gui-do cx-set-list-tree-selections "NavigationPane*Frame2*Table1*List_Tree2" (list "Solution|Report Definitions"))
(cx-gui-do cx-list-tree-right-click "NavigationPane*Frame2*Table1*List_Tree2" )
(cx-gui-do cx-activate-item "MenuBar*Flux ReportSubMenu*Mass Flow Rate...")
(cx-gui-do cx-set-text-entry "Flux Report Definition*TextEntry1(Name)" "report-dv")
(cx-gui-do cx-activate-item "Flux Report Definition*TextEntry1(Name)")
(cx-gui-do cx-set-list-selections "Flux Report Definition*Table2*Table2*List2(Boundaries)" '( 1))
(cx-gui-do cx-activate-item "Flux Report Definition*Table2*Table2*List2(Boundaries)")
(cx-gui-do cx-activate-item "Flux Report Definition*PanelButtons*PushButton1(OK)")
(cx-gui-do cx-set-list-tree-selections "NavigationPane*Frame2*Table1*List_Tree2" (list "Solution|Report Definitions"))
(cx-gui-do cx-list-tree-right-click "NavigationPane*Frame2*Table1*List_Tree2" )
(cx-gui-do cx-activate-item "MenuBar*Flux ReportSubMenu*Mass Flow Rate...")
(cx-gui-do cx-set-text-entry "Flux Report Definition*TextEntry1(Name)" "report-fo")
(cx-gui-do cx-activate-item "Flux Report Definition*TextEntry1(Name)")
(cx-gui-do cx-set-list-selections "Flux Report Definition*Table2*Table2*List2(Boundaries)" '( 2))
(cx-gui-do cx-activate-item "Flux Report Definition*Table2*Table2*List2(Boundaries)")
(cx-gui-do cx-set-toggle-button2 "Flux Report Definition*Table2*Table1*Table9(Create)*CheckButton1(Report File)" #f)
(cx-gui-do cx-activate-item "Flux Report Definition*Table2*Table1*Table9(Create)*CheckButton1(Report File)")
(cx-gui-do cx-set-toggle-button2 "Flux Report Definition*Table2*Table1*Table9(Create)*CheckButton2(Report Plot)" #f)
(cx-gui-do cx-activate-item "Flux Report Definition*Table2*Table1*Table9(Create)*CheckButton2(Report Plot)")
(cx-gui-do cx-activate-item "Flux Report Definition*PanelButtons*PushButton1(OK)")
(cx-gui-do cx-set-list-tree-selections "NavigationPane*Frame2*Table1*List_Tree2" (list "Solution|Report Definitions"))
(cx-gui-do cx-list-tree-right-click "NavigationPane*Frame2*Table1*List_Tree2" )
(cx-gui-do cx-activate-item "MenuBar*Flux ReportSubMenu*Mass Flow Rate...")
(cx-gui-do cx-set-text-entry "Flux Report Definition*TextEntry1(Name)" "report-ivc")
(cx-gui-do cx-activate-item "Flux Report Definition*TextEntry1(Name)")
(cx-gui-do cx-set-list-selections "Flux Report Definition*Table2*Table2*List2(Boundaries)" '( 3))
(cx-gui-do cx-activate-item "Flux Report Definition*Table2*Table2*List2(Boundaries)")
(cx-gui-do cx-set-toggle-button2 "Flux Report Definition*Table2*Table1*Table9(Create)*CheckButton1(Report File)" #f)
(cx-gui-do cx-activate-item "Flux Report Definition*Table2*Table1*Table9(Create)*CheckButton1(Report File)")
(cx-gui-do cx-set-toggle-button2 "Flux Report Definition*Table2*Table1*Table9(Create)*CheckButton2(Report Plot)" #f)
(cx-gui-do cx-activate-item "Flux Report Definition*Table2*Table1*Table9(Create)*CheckButton2(Report Plot)")
(cx-gui-do cx-activate-item "Flux Report Definition*PanelButtons*PushButton1(OK)")
(cx-gui-do cx-set-list-tree-selections "NavigationPane*Frame2*Table1*List_Tree2" (list "Solution|Report Definitions"))
(cx-gui-do cx-list-tree-right-click "NavigationPane*Frame2*Table1*List_Tree2" )
(cx-gui-do cx-activate-item "MenuBar*Flux ReportSubMenu*Mass Flow Rate...")
(cx-gui-do cx-set-list-selections "Flux Report Definition*Table2*Table2*List2(Boundaries)" '( 4))
(cx-gui-do cx-activate-item "Flux Report Definition*Table2*Table2*List2(Boundaries)")
(cx-gui-do cx-set-text-entry "Flux Report Definition*TextEntry1(Name)" "report-svc")
(cx-gui-do cx-activate-item "Flux Report Definition*TextEntry1(Name)")
(cx-gui-do cx-set-toggle-button2 "Flux Report Definition*Table2*Table1*Table9(Create)*CheckButton1(Report File)" #f)
(cx-gui-do cx-activate-item "Flux Report Definition*Table2*Table1*Table9(Create)*CheckButton1(Report File)")
(cx-gui-do cx-set-toggle-button2 "Flux Report Definition*Table2*Table1*Table9(Create)*CheckButton2(Report Plot)" #f)
(cx-gui-do cx-activate-item "Flux Report Definition*Table2*Table1*Table9(Create)*CheckButton2(Report Plot)")
(cx-gui-do cx-activate-item "Flux Report Definition*PanelButtons*PushButton1(OK)")
(cx-gui-do cx-set-list-tree-selections "NavigationPane*Frame2*Table1*List_Tree2" (list "Solution|Report Definitions"))
(cx-gui-do cx-list-tree-right-click "NavigationPane*Frame2*Table1*List_Tree2" )
(cx-gui-do cx-activate-item "MenuBar*Flux ReportSubMenu*Mass Flow Rate...")
(cx-gui-do cx-set-list-selections "Flux Report Definition*Table2*Table2*List2(Boundaries)" '( 5))
(cx-gui-do cx-activate-item "Flux Report Definition*Table2*Table2*List2(Boundaries)")
(cx-gui-do cx-set-text-entry "Flux Report Definition*TextEntry1(Name)" "report-tv")
(cx-gui-do cx-activate-item "Flux Report Definition*TextEntry1(Name)")
(cx-gui-do cx-set-toggle-button2 "Flux Report Definition*Table2*Table1*Table9(Create)*CheckButton1(Report File)" #f)
(cx-gui-do cx-activate-item "Flux Report Definition*Table2*Table1*Table9(Create)*CheckButton1(Report File)")
(cx-gui-do cx-set-toggle-button2 "Flux Report Definition*Table2*Table1*Table9(Create)*CheckButton2(Report Plot)" #f)
(cx-gui-do cx-activate-item "Flux Report Definition*Table2*Table1*Table9(Create)*CheckButton2(Report Plot)")
(cx-gui-do cx-activate-item "Flux Report Definition*PanelButtons*PushButton1(OK)")
(cx-gui-do cx-set-list-tree-selections "NavigationPane*Frame2*Table1*List_Tree2" (list "Solution|Monitors|Report Files|report-dv-rfile"))
(cx-gui-do cx-set-list-tree-selections "NavigationPane*Frame2*Table1*List_Tree2" (list "Solution|Monitors|Report Files|report-dv-rfile"))
(cx-gui-do cx-activate-item "NavigationPane*Frame2*Table1*List_Tree2")
(cx-gui-do cx-set-list-tree-selections "NavigationPane*Frame2*Table1*List_Tree2" (list "Solution|Monitors|Report Files|report-dv-rfile"))
(cx-gui-do cx-set-text-entry "Edit Report File*Table1*Table1*TextEntry1(Name)" "report-flow-rfile")
(cx-gui-do cx-activate-item "Edit Report File*Table1*Table1*TextEntry1(Name)")
(cx-gui-do cx-set-list-selections "Edit Report File*Table1*List3(Selected Report Definitions)" '( 1))
(cx-gui-do cx-activate-item "Edit Report File*Table1*List3(Selected Report Definitions)")
(cx-gui-do cx-activate-item "Edit Report File*Table1*Table4*PushButton2( <<Remove)")
(cx-gui-do cx-set-list-selections "Edit Report File*Table1*List2(Available Report Definitions)" '( 3))
(cx-gui-do cx-activate-item "Edit Report File*Table1*List2(Available Report Definitions)")
(cx-gui-do cx-set-list-selections "Edit Report File*Table1*List2(Available Report Definitions)" '( 3 4 5 6))
(cx-gui-do cx-activate-item "Edit Report File*Table1*List2(Available Report Definitions)")
(cx-gui-do cx-activate-item "Edit Report File*Table1*Table4*PushButton1( Add>>)")
(cx-gui-do cx-set-list-selections "Edit Report File*Table1*List2(Available Report Definitions)" '( 1))
(cx-gui-do cx-activate-item "Edit Report File*Table1*List2(Available Report Definitions)")
(cx-gui-do cx-activate-item "Edit Report File*Table1*Table4*PushButton1( Add>>)")
(cx-gui-do cx-set-text-entry "Edit Report File*Table1*Table6(File Name)*TextEntry1" ".\\report-flow_1e-4-rfile.out")
(cx-gui-do cx-activate-item "Edit Report File*PanelButtons*PushButton1(OK)")
(cx-gui-do cx-set-list-tree-selections "NavigationPane*Frame2*Table1*List_Tree2" (list "Solution|Monitors|Report Files|report-flow-rfile"))
(cx-gui-do cx-set-list-tree-selections "NavigationPane*Frame2*Table1*List_Tree2" (list "Solution|Monitors|Report Plots|report-dv-rplot"))
(cx-gui-do cx-set-list-tree-selections "NavigationPane*Frame2*Table1*List_Tree2" (list "Solution|Monitors|Report Plots|report-dv-rplot"))
(cx-gui-do cx-activate-item "NavigationPane*Frame2*Table1*List_Tree2")
(cx-gui-do cx-set-list-tree-selections "NavigationPane*Frame2*Table1*List_Tree2" (list "Solution|Monitors|Report Plots|report-dv-rplot"))
(cx-gui-do cx-set-list-selections "Edit Report Plot*Table1*List4(Available Report Definitions)" '( 0))
(cx-gui-do cx-activate-item "Edit Report Plot*Table1*List4(Available Report Definitions)")
(cx-gui-do cx-set-list-selections "Edit Report Plot*Table1*List4(Available Report Definitions)" '( 0 1 2 3))
(cx-gui-do cx-activate-item "Edit Report Plot*Table1*List4(Available Report Definitions)")
(cx-gui-do cx-activate-item "Edit Report Plot*Table1*Table3*PushButton1( Add>>)")
(cx-gui-do cx-set-text-entry "Edit Report Plot*Table1*Table5(Options)*TextEntry2(Plot Title)" "report-flow-rplot")
(cx-gui-do cx-set-text-entry "Edit Report Plot*Table1*Table1*TextEntry1(Name)" "report-flow-rplot")
(cx-gui-do cx-activate-item "Edit Report Plot*Table1*Table1*TextEntry1(Name)")
(cx-gui-do cx-activate-item "Edit Report Plot*PanelButtons*PushButton1(OK)")
(cx-gui-do cx-set-list-tree-selections "NavigationPane*Frame2*Table1*List_Tree2" (list "Solution|Calculation Activities"))
(cx-gui-do cx-set-list-tree-selections "NavigationPane*Frame2*Table1*List_Tree2" (list "Solution|Calculation Activities"))
(cx-gui-do cx-activate-item "NavigationPane*Frame2*Table1*List_Tree2")
(cx-gui-do cx-set-list-tree-selections "NavigationPane*Frame2*Table1*List_Tree2" (list "Solution|Calculation Activities"))
(cx-gui-do cx-activate-item "Calculation Activities*ButtonBox5*PushButton1(Create)")
(cx-gui-do cx-activate-item "MenuBar*PopupMenuAutomaticExport*Solution Data Export...")
(cx-gui-do cx-set-list-selections "Automatic Export*Table1*Table1*DropDownList2(File Type)" '( 5))
(cx-gui-do cx-activate-item "Automatic Export*Table1*Table1*DropDownList2(File Type)")
(cx-gui-do cx-set-toggle-button2 "Automatic Export*Table1*Table2*Table1*ToggleBox5(Format)*Binary" #t)
(cx-gui-do cx-activate-item "Automatic Export*Table1*Table2*Table1*ToggleBox5(Format)*Binary")
(cx-gui-do cx-set-list-selections "Automatic Export*Table1*Table2*Table4*List1(Quantities)" '( 0))
(cx-gui-do cx-activate-item "Automatic Export*Table1*Table2*Table4*List1(Quantities)")
(cx-gui-do cx-set-list-selections "Automatic Export*Table1*Table2*Table4*List1(Quantities)" '( 0 4))
(cx-gui-do cx-activate-item "Automatic Export*Table1*Table2*Table4*List1(Quantities)")
(cx-gui-do cx-set-list-selections "Automatic Export*Table1*Table2*Table4*List1(Quantities)" '( 0 4 8))
(cx-gui-do cx-activate-item "Automatic Export*Table1*Table2*Table4*List1(Quantities)")
(cx-gui-do cx-set-list-selections "Automatic Export*Table1*Table2*Table4*List1(Quantities)" '( 0 4 8 9))
(cx-gui-do cx-activate-item "Automatic Export*Table1*Table2*Table4*List1(Quantities)")
(cx-gui-do cx-set-list-selections "Automatic Export*Table1*Table2*Table4*List1(Quantities)" '( 0 4 8 9 10))
(cx-gui-do cx-activate-item "Automatic Export*Table1*Table2*Table4*List1(Quantities)")
(cx-gui-do cx-set-list-selections "Automatic Export*Table1*Table2*Table4*List1(Quantities)" '( 0 4 8 9 10 11))
(cx-gui-do cx-activate-item "Automatic Export*Table1*Table2*Table4*List1(Quantities)")
(cx-gui-do cx-set-list-selections "Automatic Export*Table1*Table2*Table4*List1(Quantities)" '( 0 4 8 9 10 11 22))
(cx-gui-do cx-activate-item "Automatic Export*Table1*Table2*Table4*List1(Quantities)")
(cx-gui-do cx-set-list-selections "Automatic Export*Table1*Table2*Table4*List1(Quantities)" '( 0 4 8 9 10 11 22 23))
(cx-gui-do cx-activate-item "Automatic Export*Table1*Table2*Table4*List1(Quantities)")
(cx-gui-do cx-set-list-selections "Automatic Export*Table1*Table2*Table4*List1(Quantities)" '( 0 4 8 9 10 11 22 23 24))
(cx-gui-do cx-activate-item "Automatic Export*Table1*Table2*Table4*List1(Quantities)")
(cx-gui-do cx-set-list-selections "Automatic Export*Table1*Table2*Table4*List1(Quantities)" '( 0 4 8 9 10 11 22 23 24 42))
(cx-gui-do cx-activate-item "Automatic Export*Table1*Table2*Table4*List1(Quantities)")
(cx-gui-do cx-set-list-selections "Automatic Export*Table1*Table2*Table4*List1(Quantities)" '( 0 4 8 9 10 11 22 23 24 42 43))
(cx-gui-do cx-activate-item "Automatic Export*Table1*Table2*Table4*List1(Quantities)")
(cx-gui-do cx-set-list-selections "Automatic Export*Table1*Table2*Table4*List1(Quantities)" '( 0 4 8 9 10 11 22 23 24 42 43 44))
(cx-gui-do cx-activate-item "Automatic Export*Table1*Table2*Table4*List1(Quantities)")
(cx-gui-do cx-set-list-selections "Automatic Export*Table1*Table2*Table4*List1(Quantities)" '( 0 4 8 9 10 11 22 23 24 42 43 44 45))
(cx-gui-do cx-activate-item "Automatic Export*Table1*Table2*Table4*List1(Quantities)")
(cx-gui-do cx-set-list-selections "Automatic Export*Table1*Table2*Table4*List1(Quantities)" '( 0 4 8 9 10 11 22 23 24 42 43 44 45 49))
(cx-gui-do cx-activate-item "Automatic Export*Table1*Table2*Table4*List1(Quantities)")
(cx-gui-do cx-set-list-selections "Automatic Export*Table1*Table2*Table4*List1(Quantities)" '( 0 4 8 9 10 11 22 23 24 42 43 44 45))
(cx-gui-do cx-activate-item "Automatic Export*Table1*Table2*Table4*List1(Quantities)")
(cx-gui-do cx-activate-item "Automatic Export*Table1*Table2*Table7*Table1*PushButton2(Browse)")
(cx-gui-do cx-activate-item "Automatic Export*Table1*Table2*Table7*Table1*PushButton2(Browse)")
(cx-gui-do cx-set-file-dialog-entries "Select File" '( "D:/Export_1e-4/TT2") "EnSight Case Gold Files ()")
(cx-gui-do cx-activate-item "Automatic Export*PanelButtons*PushButton1(OK)")
(cx-gui-do cx-activate-item "Calculation Activities*ButtonBox5*PushButton1(Create)")
(cx-gui-do cx-activate-item "MenuBar*PopupMenuAutomaticExport*Particle History Data Export...")
(cx-gui-do cx-set-text-entry "Automatic Particle History Data Export*Table1*TextEntry1(Name)" "particle-dv")
(cx-gui-do cx-set-toggle-button2 "Automatic Particle History Data Export*Table1*ToggleBox2(File Type)*EnSight" #t)
(cx-gui-do cx-activate-item "Automatic Particle History Data Export*Table1*ToggleBox2(File Type)*EnSight")
(cx-gui-do cx-set-list-selections "Automatic Particle History Data Export*Table1*List3(Injections)" '( 0))
(cx-gui-do cx-activate-item "Automatic Particle History Data Export*Table1*List3(Injections)")
(cx-gui-do cx-activate-item "Automatic Particle History Data Export*Table1*Table4*PushButton4(Exported Particle Variables)")
(cx-gui-do cx-set-list-selections "Reporting Variables*List9(Available Particle Variables)" '( 0))
(cx-gui-do cx-activate-item "Reporting Variables*List9(Available Particle Variables)")
(cx-gui-do cx-activate-item "Reporting Variables*PushButton15(Add Variables)")
(cx-gui-do cx-activate-item "Reporting Variables*PanelButtons*PushButton1(OK)")
(cx-gui-do cx-set-text-entry "Automatic Particle History Data Export*Table1*Frame9*TextEntry2(EnSight Encase File Name)" "D:/Export_1e-4/TT2_particles_dv")
(cx-gui-do cx-set-text-entry "Automatic Particle History Data Export*Table1*Frame10*TextEntry2(Particle File Name)" "D:/Export_1e-4/TT2_parti_dv")
(cx-gui-do cx-activate-item "Automatic Particle History Data Export*PanelButtons*PushButton1(OK)")
(cx-gui-do cx-activate-item "Calculation Activities*ButtonBox5*PushButton1(Create)")
(cx-gui-do cx-activate-item "MenuBar*PopupMenuAutomaticExport*Particle History Data Export...")
(cx-gui-do cx-set-toggle-button2 "Automatic Particle History Data Export*Table1*ToggleBox2(File Type)*EnSight" #t)
(cx-gui-do cx-activate-item "Automatic Particle History Data Export*Table1*ToggleBox2(File Type)*EnSight")
(cx-gui-do cx-set-text-entry "Automatic Particle History Data Export*Table1*TextEntry1(Name)" "particle-ivc")
(cx-gui-do cx-set-list-selections "Automatic Particle History Data Export*Table1*List3(Injections)" '( 1))
(cx-gui-do cx-activate-item "Automatic Particle History Data Export*Table1*List3(Injections)")
(cx-gui-do cx-activate-item "Automatic Particle History Data Export*Table1*Table4*PushButton4(Exported Particle Variables)")
(cx-gui-do cx-set-list-selections "Reporting Variables*List9(Available Particle Variables)" '( 0))
(cx-gui-do cx-activate-item "Reporting Variables*List9(Available Particle Variables)")
(cx-gui-do cx-activate-item "Reporting Variables*PushButton15(Add Variables)")
(cx-gui-do cx-activate-item "Reporting Variables*PanelButtons*PushButton1(OK)")
(cx-gui-do cx-set-text-entry "Automatic Particle History Data Export*Table1*Frame9*TextEntry2(EnSight Encase File Name)" "D:/Export_1e-4/TT2_particles_ivc")
(cx-gui-do cx-set-text-entry "Automatic Particle History Data Export*Table1*Frame10*TextEntry2(Particle File Name)" "D:/Export_1e-4/TT2_parti_ivc")
(cx-gui-do cx-activate-item "Automatic Particle History Data Export*PanelButtons*PushButton1(OK)")
(cx-gui-do cx-activate-item "Calculation Activities*ButtonBox5*PushButton1(Create)")
(cx-gui-do cx-activate-item "MenuBar*PopupMenuAutomaticExport*Particle History Data Export...")
(cx-gui-do cx-set-text-entry "Automatic Particle History Data Export*Table1*TextEntry1(Name)" "particle-svc")
(cx-gui-do cx-set-toggle-button2 "Automatic Particle History Data Export*Table1*ToggleBox2(File Type)*EnSight" #t)
(cx-gui-do cx-activate-item "Automatic Particle History Data Export*Table1*ToggleBox2(File Type)*EnSight")
(cx-gui-do cx-set-list-selections "Automatic Particle History Data Export*Table1*List3(Injections)" '( 2))
(cx-gui-do cx-activate-item "Automatic Particle History Data Export*Table1*List3(Injections)")
(cx-gui-do cx-activate-item "Automatic Particle History Data Export*Table1*Table4*PushButton4(Exported Particle Variables)")
(cx-gui-do cx-set-list-selections "Reporting Variables*List9(Available Particle Variables)" '( 0))
(cx-gui-do cx-activate-item "Reporting Variables*List9(Available Particle Variables)")
(cx-gui-do cx-activate-item "Reporting Variables*PushButton15(Add Variables)")
(cx-gui-do cx-activate-item "Reporting Variables*PanelButtons*PushButton1(OK)")
(cx-gui-do cx-set-text-entry "Automatic Particle History Data Export*Table1*Frame9*TextEntry2(EnSight Encase File Name)" "D:/Export_1e-4/TT2_particles_svc")
(cx-gui-do cx-set-text-entry "Automatic Particle History Data Export*Table1*Frame10*TextEntry2(Particle File Name)" "D:/Export_1e-4/TT2_parti_svc")
(cx-gui-do cx-activate-item "Automatic Particle History Data Export*PanelButtons*PushButton1(OK)")
(cx-gui-do cx-set-list-tree-selections "NavigationPane*Frame2*Table1*List_Tree2" (list "Solution|Initialization"))
(cx-gui-do cx-set-list-tree-selections "NavigationPane*Frame2*Table1*List_Tree2" (list "Solution|Initialization"))
(cx-gui-do cx-activate-item "NavigationPane*Frame2*Table1*List_Tree2")
(cx-gui-do cx-set-list-tree-selections "NavigationPane*Frame2*Table1*List_Tree2" (list "Solution|Initialization"))
(cx-gui-do cx-set-list-selections "Solution Initialization*Table1*DropDownList1(Compute from)" '( 0))
(cx-gui-do cx-activate-item "Solution Initialization*Table1*DropDownList1(Compute from)")
(cx-gui-do cx-set-toggle-button2 "Solution Initialization*Table1*ToggleBox2(Reference Frame)*Absolute" #t)
(cx-gui-do cx-activate-item "Solution Initialization*Table1*ToggleBox2(Reference Frame)*Absolute")
(cx-gui-do cx-set-real-entry-list "Solution Initialization*Table1*Table7(Initial Values)*RealEntry1(Gauge Pressure)" '( 0))
(cx-gui-do cx-activate-item "Solution Initialization*Table1*Table7(Initial Values)*RealEntry1(Gauge Pressure)")

