/file/set-tui-version "25.1"
(cx-gui-do cx-activate-item "Execute on Demand*PanelButtons*PushButton2(Cancel)")
(cx-gui-do cx-set-list-tree-selections "NavigationPane*Frame2*Table1*List_Tree2" (list "Setup|Dynamic Mesh"))
(cx-gui-do cx-set-list-tree-selections "NavigationPane*Frame2*Table1*List_Tree2" (list "Setup|Dynamic Mesh"))
(cx-gui-do cx-activate-item "NavigationPane*Frame2*Table1*List_Tree2")
(cx-gui-do cx-set-list-tree-selections "NavigationPane*Frame2*Table1*List_Tree2" (list "Setup|Dynamic Mesh"))
(cx-gui-do cx-set-toggle-button2 "Dynamic Mesh*Table1*Table1*CheckButton1(Dynamic Mesh)" #t)
(cx-gui-do cx-activate-item "Dynamic Mesh*Table1*Table1*CheckButton1(Dynamic Mesh)")
(cx-gui-do cx-set-toggle-button2 "Dynamic Mesh*Table1*Table1*Table2*Table3*Table1(Mesh Methods)*CheckButton3(Remeshing)" #t)
(cx-gui-do cx-activate-item "Dynamic Mesh*Table1*Table1*Table2*Table3*Table1(Mesh Methods)*CheckButton3(Remeshing)")
(cx-gui-do cx-activate-item "Dynamic Mesh*Table1*Table1*Table2*Table3*Table1(Mesh Methods)*PushButton5(Settings)")
(cx-gui-do cx-activate-tab-index "Mesh Method Settings*Frame1" 0)
(cx-gui-do cx-activate-tab-index "Mesh Method Settings*Frame1" 1)
(cx-gui-do cx-activate-tab-index "Mesh Method Settings*Frame1" 0)
(cx-gui-do cx-activate-tab-index "Mesh Method Settings*Frame1" 2)
(cx-gui-do cx-activate-tab-index "Mesh Method Settings*Frame1" 0)
(cx-gui-do cx-set-toggle-button2 "Mesh Method Settings*Frame1*Frame1(Smoothing)*Table1*ToggleBox1(Method)*Spring/Laplace/Boundary Layer" #t)
(cx-gui-do cx-activate-item "Mesh Method Settings*Frame1*Frame1(Smoothing)*Table1*ToggleBox1(Method)*Spring/Laplace/Boundary Layer")
(cx-gui-do cx-activate-item "Mesh Method Settings*Frame1*Frame1(Smoothing)*Table1*Frame2*PushButton1(Advanced)")
(cx-gui-do cx-set-real-entry-list "Mesh Smoothing Parameters*Table1*RealEntry1(Spring Constant Factor)" '( 0.25))
(cx-gui-do cx-activate-item "Mesh Smoothing Parameters*PanelButtons*PushButton1(OK)")
(cx-gui-do cx-activate-tab-index "Mesh Method Settings*Frame1" 2)
(cx-gui-do cx-set-toggle-button2 "Mesh Method Settings*Frame1*Frame3(Remeshing)*Table1*ToggleBox1*Methods-Based Remeshing" #t)
(cx-gui-do cx-activate-item "Mesh Method Settings*Frame1*Frame3(Remeshing)*Table1*ToggleBox1*Methods-Based Remeshing")
(cx-gui-do cx-set-toggle-button2 "Mesh Method Settings*Frame1*Frame3(Remeshing)*Table1*Table2*ToggleBox1(Methods)*CheckButton2(Local Face)" #t)
(cx-gui-do cx-activate-item "Mesh Method Settings*Frame1*Frame3(Remeshing)*Table1*Table2*ToggleBox1(Methods)*CheckButton2(Local Face)")
(cx-gui-do cx-set-toggle-button2 "Mesh Method Settings*Frame1*Frame3(Remeshing)*Table1*Table2*ToggleBox1(Methods)*CheckButton3(Region Face)" #t)
(cx-gui-do cx-activate-item "Mesh Method Settings*Frame1*Frame3(Remeshing)*Table1*Table2*ToggleBox1(Methods)*CheckButton3(Region Face)")
(cx-gui-do cx-activate-item "Mesh Method Settings*Frame1*Frame3(Remeshing)*Table1*Table4(Parameters)*Frame6*PushButton1(Default)")
(cx-gui-do cx-activate-item "Mesh Method Settings*PanelButtons*PushButton1(OK)")
(cx-gui-do cx-activate-item "Dynamic Mesh*Table1*Table1*Table2*Table5*PushButton1(Create/Edit)")
(cx-gui-do cx-activate-tab-index "Dynamic Mesh Zones*Frame4" 0)
(cx-gui-do cx-activate-tab-index "Dynamic Mesh Zones*Frame4" 1)
(cx-gui-do cx-activate-tab-index "Dynamic Mesh Zones*Frame4" 0)
(cx-gui-do cx-activate-tab-index "Dynamic Mesh Zones*Frame4" 2)
(cx-gui-do cx-activate-tab-index "Dynamic Mesh Zones*Frame4" 0)
(cx-gui-do cx-activate-tab-index "Dynamic Mesh Zones*Frame4" 3)
(cx-gui-do cx-activate-tab-index "Dynamic Mesh Zones*Frame4" 0)
(cx-gui-do cx-set-toggle-button2 "Dynamic Mesh Zones*Frame1*Table1*ToggleBox2(Type)*User-Defined" #t)
(cx-gui-do cx-activate-item "Dynamic Mesh Zones*Frame1*Table1*ToggleBox2(Type)*User-Defined")
(cx-gui-do cx-set-list-selections "Dynamic Mesh Zones*Frame1*Table1*DropDownList1(Zone Names)" '( 1))
(cx-gui-do cx-activate-item "Dynamic Mesh Zones*Frame1*Table1*DropDownList1(Zone Names)")
(cx-gui-do cx-activate-item "Dynamic Mesh Zones*PanelButtons*PushButton1(OK)")
(cx-gui-do cx-set-list-selections "Dynamic Mesh Zones*Frame1*Table1*DropDownList1(Zone Names)" '( 3))
(cx-gui-do cx-activate-item "Dynamic Mesh Zones*Frame1*Table1*DropDownList1(Zone Names)")
(cx-gui-do cx-activate-item "Dynamic Mesh Zones*PanelButtons*PushButton1(OK)")
(cx-gui-do cx-set-list-selections "Dynamic Mesh Zones*Frame1*Table1*DropDownList1(Zone Names)" '( 4))
(cx-gui-do cx-activate-item "Dynamic Mesh Zones*Frame1*Table1*DropDownList1(Zone Names)")
(cx-gui-do cx-activate-item "Dynamic Mesh Zones*PanelButtons*PushButton1(OK)")
(cx-gui-do cx-set-list-selections "Dynamic Mesh Zones*Frame1*Table1*DropDownList1(Zone Names)" '( 5))
(cx-gui-do cx-activate-item "Dynamic Mesh Zones*Frame1*Table1*DropDownList1(Zone Names)")
(cx-gui-do cx-activate-item "Dynamic Mesh Zones*PanelButtons*PushButton1(OK)")
(cx-gui-do cx-set-list-selections "Dynamic Mesh Zones*Frame1*Table1*DropDownList1(Zone Names)" '( 6))
(cx-gui-do cx-activate-item "Dynamic Mesh Zones*Frame1*Table1*DropDownList1(Zone Names)")
(cx-gui-do cx-activate-item "Dynamic Mesh Zones*PanelButtons*PushButton1(OK)")
(cx-gui-do cx-set-list-selections "Dynamic Mesh Zones*Frame1*Table1*DropDownList1(Zone Names)" '( 7))
(cx-gui-do cx-activate-item "Dynamic Mesh Zones*Frame1*Table1*DropDownList1(Zone Names)")
(cx-gui-do cx-activate-item "Dynamic Mesh Zones*PanelButtons*PushButton1(OK)")
(cx-gui-do cx-set-list-selections "Dynamic Mesh Zones*Frame1*Table1*DropDownList1(Zone Names)" '( 2))
(cx-gui-do cx-activate-item "Dynamic Mesh Zones*Frame1*Table1*DropDownList1(Zone Names)")
(cx-gui-do cx-set-toggle-button2 "Dynamic Mesh Zones*Frame1*Table1*ToggleBox2(Type)*Deforming" #t)
(cx-gui-do cx-activate-item "Dynamic Mesh Zones*Frame1*Table1*ToggleBox2(Type)*Deforming")
(cx-gui-do cx-activate-item "Dynamic Mesh Zones*PanelButtons*PushButton1(OK)")
(cx-gui-do cx-activate-item "Dynamic Mesh Zones*PanelButtons*PushButton2(Cancel)")
